interactions:
- request:
    body: ''
    headers:
      accept:
      - '*/*'
      accept-encoding:
      - gzip, deflate
      connection:
      - keep-alive
      host:
      - api.flickr.com
      user-agent:
      - flickr-photos-api/dev (https://github.com/Flickr-Foundation/flickr-photos-api;
        hello@flickr.org)
    method: GET
    uri: https://api.flickr.com/services/rest/?method=flickr.photos.getInfo&photo_id=51281775881
  response:
    body:
      string: "<?xml version=\"1.0\" encoding=\"utf-8\" ?>\n<rsp stat=\"ok\">\n<photo
        id=\"51281775881\" secret=\"378d4661d8\" server=\"65535\" farm=\"66\" dateuploaded=\"1625093119\"
        isfavorite=\"0\" license=\"10\" safety_level=\"0\" rotation=\"0\" originalsecret=\"ce67a48eb8\"
        originalformat=\"jpg\" views=\"514099\" media=\"photo\">\n\t<owner nsid=\"61021753@N02\"
        username=\"BioDivLibrary\" realname=\"Biodiversity Heritage Library\" location=\"\"
        iconserver=\"5468\" iconfarm=\"6\" path_alias=\"biodivlibrary\">\n\t\t<gift
        gift_eligible=\"1\" new_flow=\"1\">\n\t\t\t<eligible_durations />\n\t\t\t<eligible_durations
        />\n\t\t\t<eligible_durations />\n\t\t</gift>\n\t</owner>\n\t<title>n224_w1150</title>\n\t<description>Edinburgh
        journal of natural history and of the physical sciences.\nEdinburgh [etc.]
        :Published for the proprietor [etc.],1835-1840.\n&lt;a href=&quot;https://biodiversitylibrary.org/page/33665645&quot;
        rel=&quot;noreferrer nofollow&quot;&gt;biodiversitylibrary.org/page/33665645&lt;/a&gt;</description>\n\t<visibility
        ispublic=\"1\" isfriend=\"0\" isfamily=\"0\" />\n\t<dates posted=\"1625093119\"
        taken=\"2021-06-30 18:45:19\" takengranularity=\"0\" takenunknown=\"1\" lastupdate=\"1694441672\"
        />\n\t<editability cancomment=\"0\" canaddmeta=\"0\" />\n\t<publiceditability
        cancomment=\"1\" canaddmeta=\"1\" />\n\t<usage candownload=\"1\" canblog=\"0\"
        canprint=\"0\" canshare=\"1\" />\n\t<comments>4</comments>\n\t<notes>\n\t\t<note
        id=\"72157721248472381\" photo_id=\"51281775881\" author=\"199029531@N07\"
        authorname=\"tidy amount\" authorrealname=\"Tidy Amount\" authorispro=\"0\"
        authorisdeleted=\"1\" x=\"0\" y=\"18\" w=\"315\" h=\"237\">taxonomy:binomial=&amp;quot;Elephas
        indicus&amp;quot;\ntaxonomy:binomial=&amp;quot;Elephas maximus indicus&amp;quot;\ntaxonomy:common=&amp;quot;Indian
        Elephant&amp;quot;</note>\n\t\t<note id=\"72157721248474098\" photo_id=\"51281775881\"
        author=\"199029531@N07\" authorname=\"tidy amount\" authorrealname=\"Tidy
        Amount\" authorispro=\"0\" authorisdeleted=\"1\" x=\"0\" y=\"261\" w=\"320\"
        h=\"228\">taxonomy:binomial=&amp;quot;Elephas africanus&amp;quot;\ntaxonomy:binomial=&amp;quot;Loxodonta
        africana&amp;quot;\ntaxonomy:common=&amp;quot;African Bush Elephant&amp;quot;</note>\n\t</notes>\n\t<people
        haspeople=\"0\" />\n\t<tags>\n\t\t<tag id=\"61001405-51281775881-10931\" author=\"61021753@N02\"
        authorname=\"BioDivLibrary\" raw=\"Natural history\" machine_tag=\"0\">naturalhistory</tag>\n\t\t<tag
        id=\"61001405-51281775881-75907\" author=\"61021753@N02\" authorname=\"BioDivLibrary\"
        raw=\"Periodicals\" machine_tag=\"0\">periodicals</tag>\n\t\t<tag id=\"61001405-51281775881-459976\"
        author=\"61021753@N02\" authorname=\"BioDivLibrary\" raw=\"Physical sciences\"
        machine_tag=\"0\">physicalsciences</tag>\n\t\t<tag id=\"61001405-51281775881-241410624\"
        author=\"61021753@N02\" authorname=\"BioDivLibrary\" raw=\"Harvard University,
        Museum of Comparative Zoology, Ernst Mayr Library\" machine_tag=\"0\">harvarduniversitymuseumofcomparativezoologyernstmayrlibrary</tag>\n\t\t<tag
        id=\"61001405-51281775881-521377694\" author=\"61021753@N02\" authorname=\"BioDivLibrary\"
        raw=\"bhl:page=33665645\" machine_tag=\"1\">bhl:page=33665645</tag>\n\t\t<tag
        id=\"61001405-51281775881-521377699\" author=\"61021753@N02\" authorname=\"BioDivLibrary\"
        raw=\"dc:identifier=https://biodiversitylibrary.org/page/33665645\" machine_tag=\"1\">dc:identifier=httpsbiodiversitylibraryorgpage33665645</tag>\n\t\t<tag
        id=\"61001405-51281775881-462\" author=\"187216163@N07\" authorname=\"lovesmesomepitbulls\"
        raw=\"Elephant\" machine_tag=\"0\">elephant</tag>\n\t\t<tag id=\"61001405-51281775881-1823\"
        author=\"187216163@N07\" authorname=\"lovesmesomepitbulls\" raw=\"Mammal\"
        machine_tag=\"0\">mammal</tag>\n\t\t<tag id=\"61001405-51281775881-32649653\"
        author=\"195063778@N03\" authorname=\"g.anderson7790\" raw=\"taxonomy:genus=Loxodonta\"
        machine_tag=\"1\">taxonomy:genus=loxodonta</tag>\n\t\t<tag id=\"61001405-51281775881-11136235\"
        author=\"195063778@N03\" authorname=\"g.anderson7790\" raw=\"taxonomy:binomial=Elephas
        maximus\" machine_tag=\"1\">taxonomy:binomial=elephasmaximus</tag>\n\t\t<tag
        id=\"61001405-51281775881-89154462\" author=\"195063778@N03\" authorname=\"g.anderson7790\"
        raw=\"taxonomy:binomial=Elephas indicus\" machine_tag=\"1\">taxonomy:binomial=elephasindicus</tag>\n\t\t<tag
        id=\"61001405-51281775881-89154564\" author=\"195063778@N03\" authorname=\"g.anderson7790\"
        raw=\"taxonomy:binomial=Elephas africanus\" machine_tag=\"1\">taxonomy:binomial=elephasafricanus</tag>\n\t</tags>\n\t<urls>\n\t\t<url
        type=\"photopage\">https://www.flickr.com/photos/biodivlibrary/51281775881/</url>\n\t</urls>\n</photo>\n</rsp>\n"
    headers:
      Connection:
      - keep-alive
      Content-Type:
      - text/xml; charset=utf-8
      Date:
      - Fri, 28 Jun 2024 13:59:14 GMT
      Transfer-Encoding:
      - chunked
      Via:
      - 1.1 cf3cba9ef862793ca67254b0061e513a.cloudfront.net (CloudFront)
      X-Amz-Cf-Id:
      - Z6C1NyulGlSL12BpWJzU3svhfZpIUa0GSJUbSl97l7TSdCCqchsJiw==
      X-Amz-Cf-Pop:
      - LHR5-P1
      X-Cache:
      - Miss from cloudfront
      content-encoding:
      - gzip
      server:
      - openresty
      set-cookie:
      - ccc=%7B%22needsConsent%22%3Atrue%2C%22managed%22%3A0%2C%22changed%22%3A0%2C%22info%22%3A%7B%22cookieBlock%22%3A%7B%22level%22%3A0%2C%22blockRan%22%3A0%7D%7D%7D;
        expires=Sun, 28-Jul-2024 13:59:14 GMT; Max-Age=2592000; path=/; domain=.flickr.com
      - ccc=%7B%22needsConsent%22%3Atrue%2C%22managed%22%3A0%2C%22changed%22%3A0%2C%22info%22%3A%7B%22cookieBlock%22%3A%7B%22level%22%3A0%2C%22blockRan%22%3A1%7D%7D%7D;
        expires=Sun, 28-Jul-2024 13:59:14 GMT; Max-Age=2592000; path=/; domain=.flickr.com
      vary:
      - Accept-Encoding
      x-flickr-api-request:
      - Self=1-667ec1b2-25d1cf517cd0a7f97b88563c;Root=1-667ec1b2-69458b363d80dbdd224ff5f2
      x-robots-tag:
      - noindex
      x-server:
      - serverless-proxy-10.78.45.12
    status:
      code: 200
      message: OK
- request:
    body: ''
    headers:
      connection:
      - Close
      host:
      - api.flickr.com
      user-agent:
      - flickr-photos-api <hello@flickr.org>
    method: GET
    uri: https://api.flickr.com/services/rest/?method=flickr.photos.licenses.getInfo
  response:
    body:
      string: "<?xml version=\"1.0\" encoding=\"utf-8\" ?>\n<rsp stat=\"ok\">\n<licenses>\n\t<license
        id=\"0\" name=\"All Rights Reserved\" url=\"https://www.flickrhelp.com/hc/en-us/articles/10710266545556-Using-Flickr-images-shared-by-other-members\"
        />\n\t<license id=\"4\" name=\"CC BY 2.0\" url=\"https://creativecommons.org/licenses/by/2.0/\"
        />\n\t<license id=\"6\" name=\"CC BY-ND 2.0\" url=\"https://creativecommons.org/licenses/by-nd/2.0/\"
        />\n\t<license id=\"3\" name=\"CC BY-NC-ND 2.0\" url=\"https://creativecommons.org/licenses/by-nc-nd/2.0/\"
        />\n\t<license id=\"2\" name=\"CC BY-NC 2.0\" url=\"https://creativecommons.org/licenses/by-nc/2.0/\"
        />\n\t<license id=\"1\" name=\"CC BY-NC-SA 2.0\" url=\"https://creativecommons.org/licenses/by-nc-sa/2.0/\"
        />\n\t<license id=\"5\" name=\"CC BY-SA 2.0\" url=\"https://creativecommons.org/licenses/by-sa/2.0/\"
        />\n\t<license id=\"7\" name=\"No known copyright restrictions\" url=\"https://www.flickr.com/commons/usage/\"
        />\n\t<license id=\"8\" name=\"United States Government Work\" url=\"https://www.usa.gov/government-copyright\"
        />\n\t<license id=\"9\" name=\"Public Domain Dedication (CC0)\" url=\"https://creativecommons.org/publicdomain/zero/1.0/\"
        />\n\t<license id=\"10\" name=\"Public Domain Mark\" url=\"https://creativecommons.org/publicdomain/mark/1.0/\"
        />\n\t<license id=\"11\" name=\"CC BY 4.0\" url=\"https://creativecommons.org/licenses/by/4.0/\"
        />\n\t<license id=\"12\" name=\"CC BY-SA 4.0\" url=\"https://creativecommons.org/licenses/by-sa/4.0/\"
        />\n\t<license id=\"13\" name=\"CC BY-ND 4.0\" url=\"https://creativecommons.org/licenses/by-nd/4.0/\"
        />\n\t<license id=\"14\" name=\"CC BY-NC 4.0\" url=\"https://creativecommons.org/licenses/by-nc/4.0/\"
        />\n\t<license id=\"15\" name=\"CC BY-NC-SA 4.0\" url=\"https://creativecommons.org/licenses/by-nc-sa/4.0/\"
        />\n\t<license id=\"16\" name=\"CC BY-NC-ND 4.0\" url=\"https://creativecommons.org/licenses/by-nc-nd/4.0/\"
        />\n</licenses>\n</rsp>\n"
    headers:
      Connection:
      - close
      Content-Type:
      - text/xml; charset=utf-8
      Date:
      - Thu, 19 Jun 2025 07:01:48 GMT
      content-length:
      - '1815'
    status:
      code: 200
      message: OK
- request:
    body: ''
    headers:
      accept:
      - '*/*'
      accept-encoding:
      - gzip, deflate
      connection:
      - keep-alive
      cookie:
      - ccc=%7B%22needsConsent%22%3Atrue%2C%22managed%22%3A0%2C%22changed%22%3A0%2C%22info%22%3A%7B%22cookieBlock%22%3A%7B%22level%22%3A0%2C%22blockRan%22%3A1%7D%7D%7D
      host:
      - api.flickr.com
      user-agent:
      - flickr-photos-api/dev (https://github.com/Flickr-Foundation/flickr-photos-api;
        hello@flickr.org)
    method: GET
    uri: https://api.flickr.com/services/rest/?method=flickr.photos.getSizes&photo_id=51281775881
  response:
    body:
      string: "<?xml version=\"1.0\" encoding=\"utf-8\" ?>\n<rsp stat=\"ok\">\n<sizes
        canblog=\"0\" canprint=\"0\" candownload=\"1\">\n\t<size label=\"Square\"
        width=\"75\" height=\"75\" source=\"https://live.staticflickr.com/65535/51281775881_378d4661d8_s.jpg\"
        url=\"https://www.flickr.com/photos/biodivlibrary/51281775881/sizes/sq/\"
        media=\"photo\" />\n\t<size label=\"Large Square\" width=\"150\" height=\"150\"
        source=\"https://live.staticflickr.com/65535/51281775881_378d4661d8_q.jpg\"
        url=\"https://www.flickr.com/photos/biodivlibrary/51281775881/sizes/q/\" media=\"photo\"
        />\n\t<size label=\"Thumbnail\" width=\"64\" height=\"100\" source=\"https://live.staticflickr.com/65535/51281775881_378d4661d8_t.jpg\"
        url=\"https://www.flickr.com/photos/biodivlibrary/51281775881/sizes/t/\" media=\"photo\"
        />\n\t<size label=\"Small\" width=\"153\" height=\"240\" source=\"https://live.staticflickr.com/65535/51281775881_378d4661d8_m.jpg\"
        url=\"https://www.flickr.com/photos/biodivlibrary/51281775881/sizes/s/\" media=\"photo\"
        />\n\t<size label=\"Small 320\" width=\"205\" height=\"320\" source=\"https://live.staticflickr.com/65535/51281775881_378d4661d8_n.jpg\"
        url=\"https://www.flickr.com/photos/biodivlibrary/51281775881/sizes/n/\" media=\"photo\"
        />\n\t<size label=\"Small 400\" width=\"256\" height=\"400\" source=\"https://live.staticflickr.com/65535/51281775881_378d4661d8_w.jpg\"
        url=\"https://www.flickr.com/photos/biodivlibrary/51281775881/sizes/w/\" media=\"photo\"
        />\n\t<size label=\"Medium\" width=\"320\" height=\"500\" source=\"https://live.staticflickr.com/65535/51281775881_378d4661d8.jpg\"
        url=\"https://www.flickr.com/photos/biodivlibrary/51281775881/sizes/m/\" media=\"photo\"
        />\n\t<size label=\"Medium 640\" width=\"409\" height=\"640\" source=\"https://live.staticflickr.com/65535/51281775881_378d4661d8_z.jpg\"
        url=\"https://www.flickr.com/photos/biodivlibrary/51281775881/sizes/z/\" media=\"photo\"
        />\n\t<size label=\"Medium 800\" width=\"511\" height=\"800\" source=\"https://live.staticflickr.com/65535/51281775881_378d4661d8_c.jpg\"
        url=\"https://www.flickr.com/photos/biodivlibrary/51281775881/sizes/c/\" media=\"photo\"
        />\n\t<size label=\"Large\" width=\"655\" height=\"1024\" source=\"https://live.staticflickr.com/65535/51281775881_378d4661d8_b.jpg\"
        url=\"https://www.flickr.com/photos/biodivlibrary/51281775881/sizes/l/\" media=\"photo\"
        />\n\t<size label=\"Large 1600\" width=\"1023\" height=\"1600\" source=\"https://live.staticflickr.com/65535/51281775881_c1c6b64597_h.jpg\"
        url=\"https://www.flickr.com/photos/biodivlibrary/51281775881/sizes/h/\" media=\"photo\"
        />\n\t<size label=\"Large 2048\" width=\"1267\" height=\"1982\" source=\"https://live.staticflickr.com/65535/51281775881_da65168b23_k.jpg\"
        url=\"https://www.flickr.com/photos/biodivlibrary/51281775881/sizes/k/\" media=\"photo\"
        />\n\t<size label=\"Original\" width=\"1267\" height=\"1982\" source=\"https://live.staticflickr.com/65535/51281775881_ce67a48eb8_o.jpg\"
        url=\"https://www.flickr.com/photos/biodivlibrary/51281775881/sizes/o/\" media=\"photo\"
        />\n</sizes>\n</rsp>\n"
    headers:
      Connection:
      - keep-alive
      Content-Type:
      - text/xml; charset=utf-8
      Date:
      - Fri, 28 Jun 2024 13:59:14 GMT
      Transfer-Encoding:
      - chunked
      Via:
      - 1.1 cf3cba9ef862793ca67254b0061e513a.cloudfront.net (CloudFront)
      X-Amz-Cf-Id:
      - jrnlzQMzlIAowIBkKDy9n0PHUKI3ACiu9lkpVoXIFct8QTyxSlWC7A==
      X-Amz-Cf-Pop:
      - LHR5-P1
      X-Cache:
      - Miss from cloudfront
      content-encoding:
      - gzip
      server:
      - openresty
      set-cookie:
      - ccc=%7B%22needsConsent%22%3Atrue%2C%22managed%22%3A0%2C%22changed%22%3A0%2C%22info%22%3A%7B%22cookieBlock%22%3A%7B%22level%22%3A0%2C%22blockRan%22%3A1%7D%7D%7D;
        expires=Sun, 28-Jul-2024 13:59:14 GMT; Max-Age=2592000; path=/; domain=.flickr.com
      vary:
      - Accept-Encoding
      x-flickr-api-request:
      - Self=1-667ec1b2-7a8d1d7618588b6942a321e9;Root=1-667ec1b2-742e65992e005bca2ed3fb66
      x-robots-tag:
      - noindex
      x-server:
      - serverless-proxy-10.78.45.7
    status:
      code: 200
      message: OK
version: 1
