interactions:
- request:
    body: ''
    headers:
      accept:
      - '*/*'
      accept-encoding:
      - gzip, deflate
      connection:
      - keep-alive
      host:
      - api.flickr.com
      user-agent:
      - flickr-photos-api/dev (https://github.com/Flickr-Foundation/flickr-photos-api;
        hello@flickr.org)
    method: GET
    uri: https://api.flickr.com/services/rest/?method=flickr.urls.lookupGroup&url=https%3A%2F%2Fwww.flickr.com%2Fgroups%2Fslovenia%2Fpool%2F
  response:
    content: "<?xml version=\"1.0\" encoding=\"utf-8\" ?>\n<rsp stat=\"ok\">\n<group
      id=\"31849566@N00\">\n\t<groupname>Slovenia</groupname>\n</group>\n</rsp>\n"
    headers:
      Connection:
      - keep-alive
      Content-Length:
      - '128'
      Content-Type:
      - text/xml; charset=utf-8
      Date:
      - Wed, 15 Nov 2023 16:44:48 GMT
      Via:
      - 1.1 0d626ad1b296436ce1d3b48e8316dc96.cloudfront.net (CloudFront)
      X-Amz-Cf-Id:
      - ob6VsjTh-uRkjAsOC6Ny4LMftEWzQWpfb4Mmdna0y_E16X3zJIXPtA==
      X-Amz-Cf-Pop:
      - EZE50-P1
      X-Cache:
      - Miss from cloudfront
      content-encoding:
      - gzip
      server:
      - Apache/2.4.58 (Ubuntu)
      set-cookie:
      - ccc=%7B%22needsConsent%22%3Afalse%2C%22managed%22%3A0%2C%22changed%22%3A0%2C%22info%22%3A%7B%22cookieBlock%22%3A%7B%22level%22%3A0%2C%22blockRan%22%3A0%7D%7D%7D;
        expires=Fri, 15-Dec-2023 16:44:48 GMT; Max-Age=2592000; path=/; domain=.flickr.com
      vary:
      - Accept-Encoding
      x-frame-options:
      - SAMEORIGIN
      x-robots-tag:
      - noindex
    http_version: HTTP/1.1
    status_code: 200
- request:
    body: ''
    headers:
      accept:
      - '*/*'
      accept-encoding:
      - gzip, deflate
      connection:
      - keep-alive
      cookie:
      - ccc=%7B%22needsConsent%22%3Afalse%2C%22managed%22%3A0%2C%22changed%22%3A0%2C%22info%22%3A%7B%22cookieBlock%22%3A%7B%22level%22%3A0%2C%22blockRan%22%3A0%7D%7D%7D
      host:
      - api.flickr.com
      user-agent:
      - flickr-photos-api/dev (https://github.com/Flickr-Foundation/flickr-photos-api;
        hello@flickr.org)
    method: GET
    uri: https://api.flickr.com/services/rest/?extras=license%2Cdate_upload%2Cdate_taken%2Cmedia%2Coriginal_format%2Cowner_name%2Curl_sq%2Curl_t%2Curl_s%2Curl_m%2Curl_o%2Ctags%2Cgeo%2Curl_q%2Curl_l%2Cdescription%2Csafety_level%2Crealname&group_id=31849566%40N00&method=flickr.groups.pools.getPhotos&page=1&per_page=10
  response:
    content: "<?xml version=\"1.0\" encoding=\"utf-8\" ?>\n<rsp stat=\"ok\">\n<photos
      page=\"1\" pages=\"4453\" perpage=\"10\" total=\"44523\">\n\t<photo id=\"53333201595\"
      owner=\"98623843@N05\" secret=\"7174165ed0\" server=\"65535\" farm=\"66\" title=\"Dragon
      Bridge\" ispublic=\"1\" isfriend=\"0\" isfamily=\"0\" ownername=\"Joe Passe\"
      dateadded=\"1700042775\" license=\"0\" safety_level=\"0\" dateupload=\"1700007404\"
      datetaken=\"2023-09-26 18:27:44\" datetakengranularity=\"0\" datetakenunknown=\"0\"
      tags=\"dragonbridge zmajskimost dragon ljubljana slovenia slovenija slowenien\"
      latitude=\"46.051887\" longitude=\"14.510377\" accuracy=\"16\" context=\"0\"
      place_id=\"\" woeid=\"3196359\" geo_is_public=\"1\" geo_is_contact=\"0\" geo_is_friend=\"0\"
      geo_is_family=\"0\" media=\"photo\" media_status=\"ready\" url_sq=\"https://live.staticflickr.com/65535/53333201595_7174165ed0_s.jpg\"
      height_sq=\"75\" width_sq=\"75\" url_t=\"https://live.staticflickr.com/65535/53333201595_7174165ed0_t.jpg\"
      height_t=\"75\" width_t=\"100\" url_s=\"https://live.staticflickr.com/65535/53333201595_7174165ed0_m.jpg\"
      height_s=\"180\" width_s=\"240\" url_m=\"https://live.staticflickr.com/65535/53333201595_7174165ed0.jpg\"
      height_m=\"375\" width_m=\"500\" url_q=\"https://live.staticflickr.com/65535/53333201595_7174165ed0_q.jpg\"
      height_q=\"150\" width_q=\"150\" url_l=\"https://live.staticflickr.com/65535/53333201595_7174165ed0_b.jpg\"
      height_l=\"768\" width_l=\"1024\">\n\t\t<description>Ljubljana, Slovenia</description>\n\t</photo>\n\t<photo
      id=\"53333423543\" owner=\"37075433@N00\" secret=\"0372c97642\" server=\"65535\"
      farm=\"66\" title=\"Huts on Robe meadow\" ispublic=\"1\" isfriend=\"0\" isfamily=\"0\"
      ownername=\"Vid Pogacnik\" dateadded=\"1700031990\" license=\"0\" safety_level=\"0\"
      dateupload=\"1700031987\" datetaken=\"2023-11-05 13:22:33\" datetakengranularity=\"0\"
      datetakenunknown=\"0\" realname=\"Vid Pogacnik\" tags=\"slovenia slovenija karavanke
      karawanken karawanks robe meadow outdoors outside hiking landscape mountain
      autumn\" latitude=\"46.494824\" longitude=\"13.789956\" accuracy=\"16\" context=\"0\"
      place_id=\"\" woeid=\"8987894\" geo_is_public=\"1\" geo_is_contact=\"0\" geo_is_friend=\"0\"
      geo_is_family=\"0\" media=\"photo\" media_status=\"ready\" url_sq=\"https://live.staticflickr.com/65535/53333423543_0372c97642_s.jpg\"
      height_sq=\"75\" width_sq=\"75\" url_t=\"https://live.staticflickr.com/65535/53333423543_0372c97642_t.jpg\"
      height_t=\"70\" width_t=\"100\" url_s=\"https://live.staticflickr.com/65535/53333423543_0372c97642_m.jpg\"
      height_s=\"167\" width_s=\"240\" url_m=\"https://live.staticflickr.com/65535/53333423543_0372c97642.jpg\"
      height_m=\"348\" width_m=\"500\" url_q=\"https://live.staticflickr.com/65535/53333423543_0372c97642_q.jpg\"
      height_q=\"150\" width_q=\"150\" url_l=\"https://live.staticflickr.com/65535/53333423543_0372c97642_b.jpg\"
      height_l=\"713\" width_l=\"1024\">\n\t\t<description>Behind is Martuljek Group,
      Julian Alps.</description>\n\t</photo>\n\t<photo id=\"53332320022\" owner=\"37075433@N00\"
      secret=\"ee263e82c6\" server=\"65535\" farm=\"66\" title=\"Autumn on Robe meadow\"
      ispublic=\"1\" isfriend=\"0\" isfamily=\"0\" ownername=\"Vid Pogacnik\" dateadded=\"1700031990\"
      license=\"0\" safety_level=\"0\" dateupload=\"1700031987\" datetaken=\"2023-11-05
      13:29:38\" datetakengranularity=\"0\" datetakenunknown=\"0\" realname=\"Vid
      Pogacnik\" tags=\"slovenia slovenija karavanke karawanken karawanks robe meadow
      outdoors outside hiking landscape mountain autumn\" latitude=\"46.495600\" longitude=\"13.796072\"
      accuracy=\"16\" context=\"0\" place_id=\"\" woeid=\"8987894\" geo_is_public=\"1\"
      geo_is_contact=\"0\" geo_is_friend=\"0\" geo_is_family=\"0\" media=\"photo\"
      media_status=\"ready\" url_sq=\"https://live.staticflickr.com/65535/53332320022_ee263e82c6_s.jpg\"
      height_sq=\"75\" width_sq=\"75\" url_t=\"https://live.staticflickr.com/65535/53332320022_ee263e82c6_t.jpg\"
      height_t=\"67\" width_t=\"100\" url_s=\"https://live.staticflickr.com/65535/53332320022_ee263e82c6_m.jpg\"
      height_s=\"160\" width_s=\"240\" url_m=\"https://live.staticflickr.com/65535/53332320022_ee263e82c6.jpg\"
      height_m=\"333\" width_m=\"500\" url_q=\"https://live.staticflickr.com/65535/53332320022_ee263e82c6_q.jpg\"
      height_q=\"150\" width_q=\"150\" url_l=\"https://live.staticflickr.com/65535/53332320022_ee263e82c6_b.jpg\"
      height_l=\"683\" width_l=\"1024\">\n\t\t<description>Behind is the massif of
      Prisojnik, Julian Alps.</description>\n\t</photo>\n\t<photo id=\"53331959248\"
      owner=\"29022619@N03\" secret=\"4c9690e08b\" server=\"65535\" farm=\"66\" title=\"Piran\"
      ispublic=\"1\" isfriend=\"0\" isfamily=\"0\" ownername=\"happy.apple\" dateadded=\"1699975783\"
      license=\"0\" safety_level=\"0\" dateupload=\"1699975775\" datetaken=\"2023-11-03
      09:32:15\" datetakengranularity=\"0\" datetakenunknown=\"0\" realname=\"\" tags=\"piran
      slovenia slovenija adriatic sea waves morje firemen gasilci flooding\" latitude=\"0\"
      longitude=\"0\" accuracy=\"0\" context=\"0\" media=\"photo\" media_status=\"ready\"
      url_sq=\"https://live.staticflickr.com/65535/53331959248_4c9690e08b_s.jpg\"
      height_sq=\"75\" width_sq=\"75\" url_t=\"https://live.staticflickr.com/65535/53331959248_4c9690e08b_t.jpg\"
      height_t=\"46\" width_t=\"100\" url_s=\"https://live.staticflickr.com/65535/53331959248_4c9690e08b_m.jpg\"
      height_s=\"111\" width_s=\"240\" url_m=\"https://live.staticflickr.com/65535/53331959248_4c9690e08b.jpg\"
      height_m=\"231\" width_m=\"500\" url_q=\"https://live.staticflickr.com/65535/53331959248_4c9690e08b_q.jpg\"
      height_q=\"150\" width_q=\"150\" url_l=\"https://live.staticflickr.com/65535/53331959248_4c9690e08b_b.jpg\"
      height_l=\"473\" width_l=\"1024\">\n\t\t<description />\n\t</photo>\n\t<photo
      id=\"53330861932\" owner=\"29022619@N03\" secret=\"c41bab2a7e\" server=\"65535\"
      farm=\"66\" title=\"Piran\" ispublic=\"1\" isfriend=\"0\" isfamily=\"0\" ownername=\"happy.apple\"
      dateadded=\"1699975783\" license=\"0\" safety_level=\"0\" dateupload=\"1699975775\"
      datetaken=\"2023-11-03 11:22:36\" datetakengranularity=\"0\" datetakenunknown=\"0\"
      realname=\"\" tags=\"piran slovenia slovenija adriatic sea waves pine morje
      bw\" latitude=\"0\" longitude=\"0\" accuracy=\"0\" context=\"0\" media=\"photo\"
      media_status=\"ready\" url_sq=\"https://live.staticflickr.com/65535/53330861932_c41bab2a7e_s.jpg\"
      height_sq=\"75\" width_sq=\"75\" url_t=\"https://live.staticflickr.com/65535/53330861932_c41bab2a7e_t.jpg\"
      height_t=\"62\" width_t=\"100\" url_s=\"https://live.staticflickr.com/65535/53330861932_c41bab2a7e_m.jpg\"
      height_s=\"148\" width_s=\"240\" url_m=\"https://live.staticflickr.com/65535/53330861932_c41bab2a7e.jpg\"
      height_m=\"308\" width_m=\"500\" url_q=\"https://live.staticflickr.com/65535/53330861932_c41bab2a7e_q.jpg\"
      height_q=\"150\" width_q=\"150\" url_l=\"https://live.staticflickr.com/65535/53330861932_c41bab2a7e_b.jpg\"
      height_l=\"630\" width_l=\"1024\">\n\t\t<description />\n\t</photo>\n\t<photo
      id=\"53331773996\" owner=\"29022619@N03\" secret=\"c0c69c2484\" server=\"65535\"
      farm=\"66\" title=\"Piran\" ispublic=\"1\" isfriend=\"0\" isfamily=\"0\" ownername=\"happy.apple\"
      dateadded=\"1699975782\" license=\"0\" safety_level=\"0\" dateupload=\"1699975774\"
      datetaken=\"2023-09-30 01:25:01\" datetakengranularity=\"0\" datetakenunknown=\"0\"
      realname=\"\" tags=\"piran slovenia slovenija adriatic sea citywall morning
      jutro morje\" latitude=\"0\" longitude=\"0\" accuracy=\"0\" context=\"0\" media=\"photo\"
      media_status=\"ready\" url_sq=\"https://live.staticflickr.com/65535/53331773996_c0c69c2484_s.jpg\"
      height_sq=\"75\" width_sq=\"75\" url_t=\"https://live.staticflickr.com/65535/53331773996_c0c69c2484_t.jpg\"
      height_t=\"66\" width_t=\"100\" url_s=\"https://live.staticflickr.com/65535/53331773996_c0c69c2484_m.jpg\"
      height_s=\"158\" width_s=\"240\" url_m=\"https://live.staticflickr.com/65535/53331773996_c0c69c2484.jpg\"
      height_m=\"329\" width_m=\"500\" url_q=\"https://live.staticflickr.com/65535/53331773996_c0c69c2484_q.jpg\"
      height_q=\"150\" width_q=\"150\" url_l=\"https://live.staticflickr.com/65535/53331773996_c0c69c2484_b.jpg\"
      height_l=\"674\" width_l=\"1024\">\n\t\t<description />\n\t</photo>\n\t<photo
      id=\"53332098734\" owner=\"29022619@N03\" secret=\"9b0206c441\" server=\"65535\"
      farm=\"66\" title=\"Storm in Gulf of Trieste\" ispublic=\"1\" isfriend=\"0\"
      isfamily=\"0\" ownername=\"happy.apple\" dateadded=\"1699975781\" license=\"0\"
      safety_level=\"0\" dateupload=\"1699975773\" datetaken=\"2023-08-30 09:37:15\"
      datetakengranularity=\"0\" datetakenunknown=\"0\" realname=\"\" tags=\"piran
      slovenia slovenija adriatic sea waves gulfoftrieste tr\u017Ea\u0161kizaliv morje\"
      latitude=\"0\" longitude=\"0\" accuracy=\"0\" context=\"0\" media=\"photo\"
      media_status=\"ready\" url_sq=\"https://live.staticflickr.com/65535/53332098734_9b0206c441_s.jpg\"
      height_sq=\"75\" width_sq=\"75\" url_t=\"https://live.staticflickr.com/65535/53332098734_9b0206c441_t.jpg\"
      height_t=\"55\" width_t=\"100\" url_s=\"https://live.staticflickr.com/65535/53332098734_9b0206c441_m.jpg\"
      height_s=\"131\" width_s=\"240\" url_m=\"https://live.staticflickr.com/65535/53332098734_9b0206c441.jpg\"
      height_m=\"273\" width_m=\"500\" url_q=\"https://live.staticflickr.com/65535/53332098734_9b0206c441_q.jpg\"
      height_q=\"150\" width_q=\"150\" url_l=\"https://live.staticflickr.com/65535/53332098734_9b0206c441_b.jpg\"
      height_l=\"558\" width_l=\"1024\">\n\t\t<description />\n\t</photo>\n\t<photo
      id=\"53332008793\" owner=\"29022619@N03\" secret=\"ea9c79ca19\" server=\"65535\"
      farm=\"66\" title=\"Hrastovlje\" ispublic=\"1\" isfriend=\"0\" isfamily=\"0\"
      ownername=\"happy.apple\" dateadded=\"1699975781\" license=\"0\" safety_level=\"0\"
      dateupload=\"1699975773\" datetaken=\"2023-10-28 09:29:18\" datetakengranularity=\"0\"
      datetakenunknown=\"0\" realname=\"\" tags=\"hrastovlje kras karst slovenia slovenija
      village landscape\" latitude=\"0\" longitude=\"0\" accuracy=\"0\" context=\"0\"
      media=\"photo\" media_status=\"ready\" url_sq=\"https://live.staticflickr.com/65535/53332008793_ea9c79ca19_s.jpg\"
      height_sq=\"75\" width_sq=\"75\" url_t=\"https://live.staticflickr.com/65535/53332008793_ea9c79ca19_t.jpg\"
      height_t=\"63\" width_t=\"100\" url_s=\"https://live.staticflickr.com/65535/53332008793_ea9c79ca19_m.jpg\"
      height_s=\"152\" width_s=\"240\" url_m=\"https://live.staticflickr.com/65535/53332008793_ea9c79ca19.jpg\"
      height_m=\"316\" width_m=\"500\" url_q=\"https://live.staticflickr.com/65535/53332008793_ea9c79ca19_q.jpg\"
      height_q=\"150\" width_q=\"150\" url_l=\"https://live.staticflickr.com/65535/53332008793_ea9c79ca19_b.jpg\"
      height_l=\"647\" width_l=\"1024\">\n\t\t<description />\n\t</photo>\n\t<photo
      id=\"53331580779\" owner=\"37075433@N00\" secret=\"86a49345f0\" server=\"65535\"
      farm=\"66\" title=\"Martuljek Group from the Robe meadow\" ispublic=\"1\" isfriend=\"0\"
      isfamily=\"0\" ownername=\"Vid Pogacnik\" dateadded=\"1699953741\" license=\"0\"
      safety_level=\"0\" dateupload=\"1699953738\" datetaken=\"2023-11-05 13:27:21\"
      datetakengranularity=\"0\" datetakenunknown=\"0\" realname=\"Vid Pogacnik\"
      tags=\"slovenia slovenija karawanks karawanken karavanke outside outdoors hiking
      landscape autumn fall mountain meadow panorama martuljekgroup julianalps\" latitude=\"46.494750\"
      longitude=\"13.792402\" accuracy=\"16\" context=\"0\" place_id=\"\" woeid=\"8987894\"
      geo_is_public=\"1\" geo_is_contact=\"0\" geo_is_friend=\"0\" geo_is_family=\"0\"
      media=\"photo\" media_status=\"ready\" url_sq=\"https://live.staticflickr.com/65535/53331580779_86a49345f0_s.jpg\"
      height_sq=\"75\" width_sq=\"75\" url_t=\"https://live.staticflickr.com/65535/53331580779_86a49345f0_t.jpg\"
      height_t=\"48\" width_t=\"100\" url_s=\"https://live.staticflickr.com/65535/53331580779_86a49345f0_m.jpg\"
      height_s=\"114\" width_s=\"240\" url_m=\"https://live.staticflickr.com/65535/53331580779_86a49345f0.jpg\"
      height_m=\"238\" width_m=\"500\" url_q=\"https://live.staticflickr.com/65535/53331580779_86a49345f0_q.jpg\"
      height_q=\"150\" width_q=\"150\" url_l=\"https://live.staticflickr.com/65535/53331580779_86a49345f0_b.jpg\"
      height_l=\"488\" width_l=\"1024\">\n\t\t<description>Hiking above Kranjska Gora,
      on the Karawanks side of Sava valley has the advantage of enjoying great views
      on Julian Alps.</description>\n\t</photo>\n\t<photo id=\"53331465898\" owner=\"37075433@N00\"
      secret=\"5ea8d6fcc1\" server=\"65535\" farm=\"66\" title=\"On the Robe alpine
      meadow\" ispublic=\"1\" isfriend=\"0\" isfamily=\"0\" ownername=\"Vid Pogacnik\"
      dateadded=\"1699953741\" license=\"0\" safety_level=\"0\" dateupload=\"1699953738\"
      datetaken=\"2023-11-05 13:18:30\" datetakengranularity=\"0\" datetakenunknown=\"0\"
      realname=\"Vid Pogacnik\" tags=\"slovenia slovenija karawanks karawanken karavanke
      outside outdoors hiking landscape autumn fall mountain meadow\" latitude=\"46.494950\"
      longitude=\"13.790214\" accuracy=\"16\" context=\"0\" place_id=\"\" woeid=\"8987894\"
      geo_is_public=\"1\" geo_is_contact=\"0\" geo_is_friend=\"0\" geo_is_family=\"0\"
      media=\"photo\" media_status=\"ready\" url_sq=\"https://live.staticflickr.com/65535/53331465898_5ea8d6fcc1_s.jpg\"
      height_sq=\"75\" width_sq=\"75\" url_t=\"https://live.staticflickr.com/65535/53331465898_5ea8d6fcc1_t.jpg\"
      height_t=\"67\" width_t=\"100\" url_s=\"https://live.staticflickr.com/65535/53331465898_5ea8d6fcc1_m.jpg\"
      height_s=\"160\" width_s=\"240\" url_m=\"https://live.staticflickr.com/65535/53331465898_5ea8d6fcc1.jpg\"
      height_m=\"333\" width_m=\"500\" url_q=\"https://live.staticflickr.com/65535/53331465898_5ea8d6fcc1_q.jpg\"
      height_q=\"150\" width_q=\"150\" url_l=\"https://live.staticflickr.com/65535/53331465898_5ea8d6fcc1_b.jpg\"
      height_l=\"683\" width_l=\"1024\">\n\t\t<description>The best times for autumn
      colours are already over, but some scenes are still fine.</description>\n\t</photo>\n</photos>\n</rsp>\n"
    headers:
      Connection:
      - keep-alive
      Content-Length:
      - '1984'
      Content-Type:
      - text/xml; charset=utf-8
      Date:
      - Wed, 15 Nov 2023 16:44:50 GMT
      Via:
      - 1.1 0d626ad1b296436ce1d3b48e8316dc96.cloudfront.net (CloudFront)
      X-Amz-Cf-Id:
      - 7hsbZ6YoZos9oHEjtK5aoUredZaNq4Sk9b9H68xRyARzPpWPsxZGSg==
      X-Amz-Cf-Pop:
      - EZE50-P1
      X-Cache:
      - Miss from cloudfront
      content-encoding:
      - gzip
      server:
      - Apache/2.4.58 (Ubuntu)
      set-cookie:
      - ccc=%7B%22needsConsent%22%3Afalse%2C%22managed%22%3A0%2C%22changed%22%3A0%2C%22info%22%3A%7B%22cookieBlock%22%3A%7B%22level%22%3A0%2C%22blockRan%22%3A0%7D%7D%7D;
        expires=Fri, 15-Dec-2023 16:44:50 GMT; Max-Age=2592000; path=/; domain=.flickr.com
      vary:
      - Accept-Encoding
      x-frame-options:
      - SAMEORIGIN
      x-robots-tag:
      - noindex
    http_version: HTTP/1.1
    status_code: 200
- request:
    body: ''
    headers:
      accept:
      - '*/*'
      accept-encoding:
      - gzip, deflate
      connection:
      - keep-alive
      cookie:
      - ccc=%7B%22needsConsent%22%3Afalse%2C%22managed%22%3A0%2C%22changed%22%3A0%2C%22info%22%3A%7B%22cookieBlock%22%3A%7B%22level%22%3A0%2C%22blockRan%22%3A0%7D%7D%7D
      host:
      - api.flickr.com
      user-agent:
      - flickr-photos-api/dev (https://github.com/Flickr-Foundation/flickr-photos-api;
        hello@flickr.org)
    method: GET
    uri: https://api.flickr.com/services/rest/?method=flickr.photos.licenses.getInfo
  response:
    content: "<?xml version=\"1.0\" encoding=\"utf-8\" ?>\n<rsp stat=\"ok\">\n<licenses>\n\t<license
      id=\"0\" name=\"All Rights Reserved\" url=\"\" />\n\t<license id=\"4\" name=\"Attribution
      License\" url=\"https://creativecommons.org/licenses/by/2.0/\" />\n\t<license
      id=\"6\" name=\"Attribution-NoDerivs License\" url=\"https://creativecommons.org/licenses/by-nd/2.0/\"
      />\n\t<license id=\"3\" name=\"Attribution-NonCommercial-NoDerivs License\"
      url=\"https://creativecommons.org/licenses/by-nc-nd/2.0/\" />\n\t<license id=\"2\"
      name=\"Attribution-NonCommercial License\" url=\"https://creativecommons.org/licenses/by-nc/2.0/\"
      />\n\t<license id=\"1\" name=\"Attribution-NonCommercial-ShareAlike License\"
      url=\"https://creativecommons.org/licenses/by-nc-sa/2.0/\" />\n\t<license id=\"5\"
      name=\"Attribution-ShareAlike License\" url=\"https://creativecommons.org/licenses/by-sa/2.0/\"
      />\n\t<license id=\"7\" name=\"No known copyright restrictions\" url=\"https://www.flickr.com/commons/usage/\"
      />\n\t<license id=\"8\" name=\"United States Government Work\" url=\"http://www.usa.gov/copyright.shtml\"
      />\n\t<license id=\"9\" name=\"Public Domain Dedication (CC0)\" url=\"https://creativecommons.org/publicdomain/zero/1.0/\"
      />\n\t<license id=\"10\" name=\"Public Domain Mark\" url=\"https://creativecommons.org/publicdomain/mark/1.0/\"
      />\n</licenses>\n</rsp>\n"
    headers:
      Connection:
      - keep-alive
      Content-Length:
      - '395'
      Content-Type:
      - text/xml; charset=utf-8
      Date:
      - Wed, 15 Nov 2023 16:44:50 GMT
      Via:
      - 1.1 0d626ad1b296436ce1d3b48e8316dc96.cloudfront.net (CloudFront)
      X-Amz-Cf-Id:
      - o2cDIQevvVMA9YxtMOJ3GdK6PJh-TZhaxpyhJrTdiEU04jJmEyvBlg==
      X-Amz-Cf-Pop:
      - EZE50-P1
      X-Cache:
      - Miss from cloudfront
      content-encoding:
      - gzip
      server:
      - Apache/2.4.58 (Ubuntu)
      set-cookie:
      - ccc=%7B%22needsConsent%22%3Afalse%2C%22managed%22%3A0%2C%22changed%22%3A0%2C%22info%22%3A%7B%22cookieBlock%22%3A%7B%22level%22%3A0%2C%22blockRan%22%3A0%7D%7D%7D;
        expires=Fri, 15-Dec-2023 16:44:50 GMT; Max-Age=2592000; path=/; domain=.flickr.com
      vary:
      - Accept-Encoding
      x-frame-options:
      - SAMEORIGIN
      x-robots-tag:
      - noindex
    http_version: HTTP/1.1
    status_code: 200
- request:
    body: ''
    headers:
      accept:
      - '*/*'
      accept-encoding:
      - gzip, deflate
      connection:
      - keep-alive
      cookie:
      - ccc=%7B%22needsConsent%22%3Afalse%2C%22managed%22%3A0%2C%22changed%22%3A0%2C%22info%22%3A%7B%22cookieBlock%22%3A%7B%22level%22%3A0%2C%22blockRan%22%3A0%7D%7D%7D
      host:
      - api.flickr.com
      user-agent:
      - flickr-photos-api/dev (https://github.com/Flickr-Foundation/flickr-photos-api;
        hello@flickr.org)
    method: GET
    uri: https://api.flickr.com/services/rest/?method=flickr.urls.lookupGroup&url=https%3A%2F%2Fwww.flickr.com%2Fgroups%2Fslovenia%2Fpool%2F
  response:
    content: "<?xml version=\"1.0\" encoding=\"utf-8\" ?>\n<rsp stat=\"ok\">\n<group
      id=\"31849566@N00\">\n\t<groupname>Slovenia</groupname>\n</group>\n</rsp>\n"
    headers:
      Connection:
      - keep-alive
      Content-Length:
      - '128'
      Content-Type:
      - text/xml; charset=utf-8
      Date:
      - Wed, 15 Nov 2023 16:44:51 GMT
      Via:
      - 1.1 0d626ad1b296436ce1d3b48e8316dc96.cloudfront.net (CloudFront)
      X-Amz-Cf-Id:
      - XMGP-6nfvL6-Sqq4i8QmshOgsbkibQCB0MQiOPjfC7jLUBgbZLjGxA==
      X-Amz-Cf-Pop:
      - EZE50-P1
      X-Cache:
      - Miss from cloudfront
      content-encoding:
      - gzip
      server:
      - Apache/2.4.58 (Ubuntu)
      set-cookie:
      - ccc=%7B%22needsConsent%22%3Afalse%2C%22managed%22%3A0%2C%22changed%22%3A0%2C%22info%22%3A%7B%22cookieBlock%22%3A%7B%22level%22%3A0%2C%22blockRan%22%3A0%7D%7D%7D;
        expires=Fri, 15-Dec-2023 16:44:51 GMT; Max-Age=2592000; path=/; domain=.flickr.com
      vary:
      - Accept-Encoding
      x-frame-options:
      - SAMEORIGIN
      x-robots-tag:
      - noindex
    http_version: HTTP/1.1
    status_code: 200
- request:
    body: ''
    headers:
      accept:
      - '*/*'
      accept-encoding:
      - gzip, deflate
      connection:
      - keep-alive
      cookie:
      - ccc=%7B%22needsConsent%22%3Afalse%2C%22managed%22%3A0%2C%22changed%22%3A0%2C%22info%22%3A%7B%22cookieBlock%22%3A%7B%22level%22%3A0%2C%22blockRan%22%3A0%7D%7D%7D
      host:
      - api.flickr.com
      user-agent:
      - flickr-photos-api/dev (https://github.com/Flickr-Foundation/flickr-photos-api;
        hello@flickr.org)
    method: GET
    uri: https://api.flickr.com/services/rest/?extras=license%2Cdate_upload%2Cdate_taken%2Cmedia%2Coriginal_format%2Cowner_name%2Curl_sq%2Curl_t%2Curl_s%2Curl_m%2Curl_o%2Ctags%2Cgeo%2Curl_q%2Curl_l%2Cdescription%2Csafety_level%2Crealname&group_id=31849566%40N00&method=flickr.groups.pools.getPhotos&page=5&per_page=1
  response:
    content: "<?xml version=\"1.0\" encoding=\"utf-8\" ?>\n<rsp stat=\"ok\">\n<photos
      page=\"5\" pages=\"44523\" perpage=\"1\" total=\"44523\">\n\t<photo id=\"53330861932\"
      owner=\"29022619@N03\" secret=\"c41bab2a7e\" server=\"65535\" farm=\"66\" title=\"Piran\"
      ispublic=\"1\" isfriend=\"0\" isfamily=\"0\" ownername=\"happy.apple\" dateadded=\"1699975783\"
      license=\"0\" safety_level=\"0\" dateupload=\"1699975775\" datetaken=\"2023-11-03
      11:22:36\" datetakengranularity=\"0\" datetakenunknown=\"0\" realname=\"\" tags=\"piran
      slovenia slovenija adriatic sea waves pine morje bw\" latitude=\"0\" longitude=\"0\"
      accuracy=\"0\" context=\"0\" media=\"photo\" media_status=\"ready\" url_sq=\"https://live.staticflickr.com/65535/53330861932_c41bab2a7e_s.jpg\"
      height_sq=\"75\" width_sq=\"75\" url_t=\"https://live.staticflickr.com/65535/53330861932_c41bab2a7e_t.jpg\"
      height_t=\"62\" width_t=\"100\" url_s=\"https://live.staticflickr.com/65535/53330861932_c41bab2a7e_m.jpg\"
      height_s=\"148\" width_s=\"240\" url_m=\"https://live.staticflickr.com/65535/53330861932_c41bab2a7e.jpg\"
      height_m=\"308\" width_m=\"500\" url_q=\"https://live.staticflickr.com/65535/53330861932_c41bab2a7e_q.jpg\"
      height_q=\"150\" width_q=\"150\" url_l=\"https://live.staticflickr.com/65535/53330861932_c41bab2a7e_b.jpg\"
      height_l=\"630\" width_l=\"1024\">\n\t\t<description />\n\t</photo>\n</photos>\n</rsp>\n"
    headers:
      Connection:
      - keep-alive
      Content-Length:
      - '554'
      Content-Type:
      - text/xml; charset=utf-8
      Date:
      - Wed, 15 Nov 2023 16:44:51 GMT
      Via:
      - 1.1 0d626ad1b296436ce1d3b48e8316dc96.cloudfront.net (CloudFront)
      X-Amz-Cf-Id:
      - 1ohdla51rLA0yyk7CcQe7TtzBze0e359GIWZqQEI1jN-fiSyYaNa4A==
      X-Amz-Cf-Pop:
      - EZE50-P1
      X-Cache:
      - Miss from cloudfront
      content-encoding:
      - gzip
      server:
      - Apache/2.4.58 (Ubuntu)
      set-cookie:
      - ccc=%7B%22needsConsent%22%3Afalse%2C%22managed%22%3A0%2C%22changed%22%3A0%2C%22info%22%3A%7B%22cookieBlock%22%3A%7B%22level%22%3A0%2C%22blockRan%22%3A0%7D%7D%7D;
        expires=Fri, 15-Dec-2023 16:44:51 GMT; Max-Age=2592000; path=/; domain=.flickr.com
      vary:
      - Accept-Encoding
      x-frame-options:
      - SAMEORIGIN
      x-robots-tag:
      - noindex
    http_version: HTTP/1.1
    status_code: 200
version: 1
